// Jest Snapshot v1, https://goo.gl/fbAQLP

exports[`Testing the link component.... change the color of the anchor tag on leave... 1`] = `
<a
  href="https://facebook.com"
  onMouseEnter={[Function]}
  onMouseLeave={[Function]}
>
  Facebook
</a>
`;

exports[`Testing the link component.... change the color of the anchor tag on leave... 2`] = `
<a
  href="https://facebook.com"
  onMouseEnter={[Function]}
  onMouseLeave={[Function]}
>
  Facebook
</a>
`;

exports[`Testing the link component.... change the color of the anchor tag... 1`] = `
<a
  href="https://facebook.com"
  onMouseEnter={[Function]}
  onMouseLeave={[Function]}
>
  Facebook
</a>
`;

exports[`Testing the link component.... change the color of the anchor tag... 2`] = `
<a
  href="https://facebook.com"
  onMouseEnter={[Function]}
  onMouseLeave={[Function]}
>
  Facebook
</a>
`;
